
============================================================
  编译盲审版 (blind)
  - 隐藏: 学生姓名、学号、导师信息
  - 不含: 致谢、原创性声明
============================================================
make[1]: Entering directory 'C:/Users/27261/Documents/my-thesis'
  [1/6] 同步资源...
  [2/6] 编译封面 (第1次)...
  [3/6] 编译英文版 (第1次 + biber + 第2次)...
This is XeTeX, Version 3.141592653-2.6-0.999997 (TeX Live 2025) (preloaded format=xelatex)
 restricted \write18 enabled.
entering extended mode
(./main.tex
LaTeX2e <2025-11-01>
L3 programming layer <2026-01-19>
(./pkuthss.cls
Document Class: pkuthss 2022/05/05 v1.9.2 Peking University dissertation docume
nt class
(c:/texlive/2025/texmf-dist/tex/generic/iftex/iftex.sty)
(c:/texlive/2025/texmf-dist/tex/generic/kvdefinekeys/kvdefinekeys.sty)
(c:/texlive/2025/texmf-dist/tex/latex/kvsetkeys/kvsetkeys.sty)
(c:/texlive/2025/texmf-dist/tex/latex/kvoptions/kvoptions.sty
(c:/texlive/2025/texmf-dist/tex/latex/graphics/keyval.sty)
(c:/texlive/2025/texmf-dist/tex/generic/ltxcmds/ltxcmds.sty))
(c:/texlive/2025/texmf-dist/tex/latex/amsmath/amsmath.sty
For additional information on amsmath, use the `?' option.
(c:/texlive/2025/texmf-dist/tex/latex/amsmath/amstext.sty
(c:/texlive/2025/texmf-dist/tex/latex/amsmath/amsgen.sty))
(c:/texlive/2025/texmf-dist/tex/latex/amsmath/amsbsy.sty)
(c:/texlive/2025/texmf-dist/tex/latex/amsmath/amsopn.sty))
(c:/texlive/2025/texmf-dist/tex/latex/ctex/ctexbook.cls
(c:/texlive/2025/texmf-dist/tex/latex/ctex/config/ctexbackend.cfg)
(c:/texlive/2025/texmf-dist/tex/latex/l3kernel/expl3.sty
(c:/texlive/2025/texmf-dist/tex/latex/l3backend/l3backend-xetex.def))
Document Class: ctexbook 2022/07/14 v2.5.10 Chinese adapter for class book (CTE
X)
(c:/texlive/2025/texmf-dist/tex/latex/ctex/ctexhook.sty)
(c:/texlive/2025/texmf-dist/tex/latex/ctex/ctexpatch.sty)
(c:/texlive/2025/texmf-dist/tex/latex/base/fix-cm.sty
(c:/texlive/2025/texmf-dist/tex/latex/base/ts1enc.def))
(c:/texlive/2025/texmf-dist/tex/latex/ctex/config/ctexopts.cfg)
(c:/texlive/2025/texmf-dist/tex/latex/base/book.cls
Document Class: book 2025/01/22 v1.4n Standard LaTeX document class
(c:/texlive/2025/texmf-dist/tex/latex/base/bk12.clo))
(c:/texlive/2025/texmf-dist/tex/latex/ctex/engine/ctex-engine-xetex.def
(c:/texlive/2025/texmf-dist/tex/xelatex/xecjk/xeCJK.sty
(c:/texlive/2025/texmf-dist/tex/latex/l3packages/xtemplate/xtemplate.sty)
(c:/texlive/2025/texmf-dist/tex/latex/fontspec/fontspec.sty
(c:/texlive/2025/texmf-dist/tex/latex/l3packages/xparse/xparse.sty)
(c:/texlive/2025/texmf-dist/tex/latex/fontspec/fontspec-xetex.sty
(c:/texlive/2025/texmf-dist/tex/latex/base/fontenc.sty)
(c:/texlive/2025/texmf-dist/tex/latex/fontspec/fontspec.cfg)))
(c:/texlive/2025/texmf-dist/tex/xelatex/xecjk/xeCJK.cfg)))
(c:/texlive/2025/texmf-dist/tex/latex/zhnumber/zhnumber.sty
(c:/texlive/2025/texmf-dist/tex/latex/zhnumber/zhnumber-utf8.cfg))
(c:/texlive/2025/texmf-dist/tex/latex/ctex/scheme/ctex-scheme-chinese-book.def
(c:/texlive/2025/texmf-dist/tex/latex/ctex/config/ctex-name-utf8.cfg))
(c:/texlive/2025/texmf-dist/tex/latex/ctex/ctex-cs4size.clo))
(c:/texlive/2025/texmf-dist/tex/latex/ctex/config/ctex.cfg)
(c:/texlive/2025/texmf-dist/tex/generic/iftex/ifpdf.sty)
(c:/texlive/2025/texmf-dist/tex/generic/iftex/ifxetex.sty)
(c:/texlive/2025/texmf-dist/tex/latex/graphics/graphicx.sty
(c:/texlive/2025/texmf-dist/tex/latex/graphics/graphics.sty
(c:/texlive/2025/texmf-dist/tex/latex/graphics/trig.sty)
(c:/texlive/2025/texmf-dist/tex/latex/graphics-cfg/graphics.cfg)
(c:/texlive/2025/texmf-dist/tex/latex/graphics-def/xetex.def)))
(c:/texlive/2025/texmf-dist/tex/latex/geometry/geometry.sty
(c:/texlive/2025/texmf-dist/tex/generic/iftex/ifvtex.sty))
(c:/texlive/2025/texmf-dist/tex/latex/fancyhdr/fancyhdr.sty)
(c:/texlive/2025/texmf-dist/tex/generic/ulem/ulem.sty)
(c:/texlive/2025/texmf-dist/tex/latex/titlesec/titletoc.sty)
(c:/texlive/2025/texmf-dist/tex/latex/textpos/textpos.sty
Grid set 16 x 16 = 37.34424pt x 52.81541pt
TextBlockOrigin set to 0pt x 0pt
) (c:/texlive/2025/texmf-dist/tex/latex/graphics/color.sty
(c:/texlive/2025/texmf-dist/tex/latex/graphics-cfg/color.cfg)
(c:/texlive/2025/texmf-dist/tex/latex/graphics/mathcolor.ltx))
(c:/texlive/2025/texmf-dist/tex/latex/caption/subcaption.sty
(c:/texlive/2025/texmf-dist/tex/latex/caption/caption.sty
(c:/texlive/2025/texmf-dist/tex/latex/caption/caption3.sty)))
(c:/texlive/2025/texmf-dist/tex/xelatex/xecjk/xeCJKfntef.sty)
(./pkuthss-utf8.def)
(c:/texlive/2025/texmf-dist/tex/latex/unicode-math/unicode-math.sty
(c:/texlive/2025/texmf-dist/tex/latex/unicode-math/unicode-math-xetex.sty
(c:/texlive/2025/texmf-dist/tex/latex/l3packages/l3keys2e/l3keys2e.sty)
(c:/texlive/2025/texmf-dist/tex/latex/unicode-math/unicode-math-table.tex)))
(c:/texlive/2025/texmf-dist/tex/latex/chngcntr/chngcntr.sty)
(c:/texlive/2025/texmf-dist/tex/latex/pgf/frontendlayer/tikz.sty
(c:/texlive/2025/texmf-dist/tex/latex/pgf/basiclayer/pgf.sty
(c:/texlive/2025/texmf-dist/tex/latex/pgf/utilities/pgfrcs.sty
(c:/texlive/2025/texmf-dist/tex/generic/pgf/utilities/pgfutil-common.tex)
(c:/texlive/2025/texmf-dist/tex/generic/pgf/utilities/pgfutil-latex.def)
(c:/texlive/2025/texmf-dist/tex/generic/pgf/utilities/pgfrcs.code.tex
(c:/texlive/2025/texmf-dist/tex/generic/pgf/pgf.revision.tex)))
(c:/texlive/2025/texmf-dist/tex/latex/pgf/basiclayer/pgfcore.sty
(c:/texlive/2025/texmf-dist/tex/latex/pgf/systemlayer/pgfsys.sty
(c:/texlive/2025/texmf-dist/tex/generic/pgf/systemlayer/pgfsys.code.tex
(c:/texlive/2025/texmf-dist/tex/generic/pgf/utilities/pgfkeys.code.tex
(c:/texlive/2025/texmf-dist/tex/generic/pgf/utilities/pgfkeyslibraryfiltered.co
de.tex)) (c:/texlive/2025/texmf-dist/tex/generic/pgf/systemlayer/pgf.cfg)
(c:/texlive/2025/texmf-dist/tex/generic/pgf/systemlayer/pgfsys-xetex.def
(c:/texlive/2025/texmf-dist/tex/generic/pgf/systemlayer/pgfsys-dvipdfmx.def
(c:/texlive/2025/texmf-dist/tex/generic/pgf/systemlayer/pgfsys-common-pdf.def))
))
(c:/texlive/2025/texmf-dist/tex/generic/pgf/systemlayer/pgfsyssoftpath.code.tex
)
(c:/texlive/2025/texmf-dist/tex/generic/pgf/systemlayer/pgfsysprotocol.code.tex
)) (c:/texlive/2025/texmf-dist/tex/latex/xcolor/xcolor.sty
(c:/texlive/2025/texmf-dist/tex/latex/graphics-cfg/color.cfg)
(c:/texlive/2025/texmf-dist/tex/latex/graphics/mathcolor.ltx))
(c:/texlive/2025/texmf-dist/tex/generic/pgf/basiclayer/pgfcore.code.tex
(c:/texlive/2025/texmf-dist/tex/generic/pgf/math/pgfmath.code.tex
(c:/texlive/2025/texmf-dist/tex/generic/pgf/math/pgfmathutil.code.tex)
(c:/texlive/2025/texmf-dist/tex/generic/pgf/math/pgfmathparser.code.tex)
(c:/texlive/2025/texmf-dist/tex/generic/pgf/math/pgfmathfunctions.code.tex)
(c:/texlive/2025/texmf-dist/tex/generic/pgf/math/pgfmathfunctions.basic.code.te
x)
(c:/texlive/2025/texmf-dist/tex/generic/pgf/math/pgfmathfunctions.trigonometric
.code.tex)
(c:/texlive/2025/texmf-dist/tex/generic/pgf/math/pgfmathfunctions.random.code.t
ex)
(c:/texlive/2025/texmf-dist/tex/generic/pgf/math/pgfmathfunctions.comparison.co
de.tex)
(c:/texlive/2025/texmf-dist/tex/generic/pgf/math/pgfmathfunctions.base.code.tex
)
(c:/texlive/2025/texmf-dist/tex/generic/pgf/math/pgfmathfunctions.round.code.te
x)
(c:/texlive/2025/texmf-dist/tex/generic/pgf/math/pgfmathfunctions.misc.code.tex
)
(c:/texlive/2025/texmf-dist/tex/generic/pgf/math/pgfmathfunctions.integerarithm
etics.code.tex)
(c:/texlive/2025/texmf-dist/tex/generic/pgf/math/pgfmathcalc.code.tex)
(c:/texlive/2025/texmf-dist/tex/generic/pgf/math/pgfmathfloat.code.tex))
(c:/texlive/2025/texmf-dist/tex/generic/pgf/math/pgfint.code.tex)
(c:/texlive/2025/texmf-dist/tex/generic/pgf/basiclayer/pgfcorepoints.code.tex)
(c:/texlive/2025/texmf-dist/tex/generic/pgf/basiclayer/pgfcorepathconstruct.cod
e.tex)
(c:/texlive/2025/texmf-dist/tex/generic/pgf/basiclayer/pgfcorepathusage.code.te
x)
(c:/texlive/2025/texmf-dist/tex/generic/pgf/basiclayer/pgfcorescopes.code.tex)
(c:/texlive/2025/texmf-dist/tex/generic/pgf/basiclayer/pgfcoregraphicstate.code
.tex)
(c:/texlive/2025/texmf-dist/tex/generic/pgf/basiclayer/pgfcoretransformations.c
ode.tex)
(c:/texlive/2025/texmf-dist/tex/generic/pgf/basiclayer/pgfcorequick.code.tex)
(c:/texlive/2025/texmf-dist/tex/generic/pgf/basiclayer/pgfcoreobjects.code.tex)

(c:/texlive/2025/texmf-dist/tex/generic/pgf/basiclayer/pgfcorepathprocessing.co
de.tex)
(c:/texlive/2025/texmf-dist/tex/generic/pgf/basiclayer/pgfcorearrows.code.tex)
(c:/texlive/2025/texmf-dist/tex/generic/pgf/basiclayer/pgfcoreshade.code.tex)
(c:/texlive/2025/texmf-dist/tex/generic/pgf/basiclayer/pgfcoreimage.code.tex)
(c:/texlive/2025/texmf-dist/tex/generic/pgf/basiclayer/pgfcoreexternal.code.tex
) (c:/texlive/2025/texmf-dist/tex/generic/pgf/basiclayer/pgfcorelayers.code.tex
)
(c:/texlive/2025/texmf-dist/tex/generic/pgf/basiclayer/pgfcoretransparency.code
.tex)
(c:/texlive/2025/texmf-dist/tex/generic/pgf/basiclayer/pgfcorepatterns.code.tex
) (c:/texlive/2025/texmf-dist/tex/generic/pgf/basiclayer/pgfcorerdf.code.tex)))
 (c:/texlive/2025/texmf-dist/tex/generic/pgf/modules/pgfmoduleshapes.code.tex)
(c:/texlive/2025/texmf-dist/tex/generic/pgf/modules/pgfmoduleplot.code.tex)
(c:/texlive/2025/texmf-dist/tex/latex/pgf/compatibility/pgfcomp-version-0-65.st
y)
(c:/texlive/2025/texmf-dist/tex/latex/pgf/compatibility/pgfcomp-version-1-18.st
y)) (c:/texlive/2025/texmf-dist/tex/latex/pgf/utilities/pgffor.sty
(c:/texlive/2025/texmf-dist/tex/latex/pgf/utilities/pgfkeys.sty
(c:/texlive/2025/texmf-dist/tex/generic/pgf/utilities/pgfkeys.code.tex))
(c:/texlive/2025/texmf-dist/tex/latex/pgf/math/pgfmath.sty
(c:/texlive/2025/texmf-dist/tex/generic/pgf/math/pgfmath.code.tex))
(c:/texlive/2025/texmf-dist/tex/generic/pgf/utilities/pgffor.code.tex))
(c:/texlive/2025/texmf-dist/tex/generic/pgf/frontendlayer/tikz/tikz.code.tex
(c:/texlive/2025/texmf-dist/tex/generic/pgf/libraries/pgflibraryplothandlers.co
de.tex)
(c:/texlive/2025/texmf-dist/tex/generic/pgf/modules/pgfmodulematrix.code.tex)
(c:/texlive/2025/texmf-dist/tex/generic/pgf/frontendlayer/tikz/libraries/tikzli
brarytopaths.code.tex)))
(c:/texlive/2025/texmf-dist/tex/latex/koma-script/scrextend.sty
(c:/texlive/2025/texmf-dist/tex/latex/koma-script/scrkbase.sty
(c:/texlive/2025/texmf-dist/tex/latex/koma-script/scrbase.sty
(c:/texlive/2025/texmf-dist/tex/latex/koma-script/scrlfile.sty
(c:/texlive/2025/texmf-dist/tex/latex/koma-script/scrlfile-hook.sty
(c:/texlive/2025/texmf-dist/tex/latex/koma-script/scrlogo.sty))))))
(c:/texlive/2025/texmf-dist/tex/latex/tocloft/tocloft.sty)
(c:/texlive/2025/texmf-dist/tex/latex/setspace/setspace.sty)
(c:/texlive/2025/texmf-dist/tex/latex/enumitem/enumitem.sty))
(c:/texlive/2025/texmf-dist/tex/latex/hyperref/hyperref.sty
(c:/texlive/2025/texmf-dist/tex/generic/pdfescape/pdfescape.sty
(c:/texlive/2025/texmf-dist/tex/generic/pdftexcmds/pdftexcmds.sty
(c:/texlive/2025/texmf-dist/tex/generic/infwarerr/infwarerr.sty)))
(c:/texlive/2025/texmf-dist/tex/latex/hycolor/hycolor.sty)
(c:/texlive/2025/texmf-dist/tex/latex/hyperref/nameref.sty
(c:/texlive/2025/texmf-dist/tex/latex/refcount/refcount.sty)
(c:/texlive/2025/texmf-dist/tex/generic/gettitlestring/gettitlestring.sty))
(c:/texlive/2025/texmf-dist/tex/latex/etoolbox/etoolbox.sty)
(c:/texlive/2025/texmf-dist/tex/generic/stringenc/stringenc.sty)
(c:/texlive/2025/texmf-dist/tex/latex/hyperref/pd1enc.def)
(c:/texlive/2025/texmf-dist/tex/generic/intcalc/intcalc.sty)
(c:/texlive/2025/texmf-dist/tex/latex/hyperref/puenc.def)
(c:/texlive/2025/texmf-dist/tex/latex/url/url.sty)
(c:/texlive/2025/texmf-dist/tex/generic/bitset/bitset.sty
(c:/texlive/2025/texmf-dist/tex/generic/bigintcalc/bigintcalc.sty)))
(c:/texlive/2025/texmf-dist/tex/latex/hyperref/hxetex.def
(c:/texlive/2025/texmf-dist/tex/latex/rerunfilecheck/rerunfilecheck.sty
(c:/texlive/2025/texmf-dist/tex/generic/uniquecounter/uniquecounter.sty)))
(c:/texlive/2025/texmf-dist/tex/latex/biblatex/biblatex.sty
(c:/texlive/2025/texmf-dist/tex/latex/logreq/logreq.sty
(c:/texlive/2025/texmf-dist/tex/latex/logreq/logreq.def))
(c:/texlive/2025/texmf-dist/tex/latex/base/ifthen.sty)
(c:/texlive/2025/texmf-dist/tex/latex/biblatex/blx-dm.def)
(c:/texlive/2025/texmf-dist/tex/latex/biblatex/blx-unicode.def)
(c:/texlive/2025/texmf-dist/tex/latex/biblatex/blx-compat.def)
(c:/texlive/2025/texmf-dist/tex/latex/biblatex/biblatex.def)
(c:/texlive/2025/texmf-dist/tex/latex/biblatex-gb7714-2015/gb7714-2015ay.bbx
(c:/texlive/2025/texmf-dist/tex/latex/biblatex/bbx/authoryear.bbx
(c:/texlive/2025/texmf-dist/tex/latex/biblatex/bbx/standard.bbx))
(c:/texlive/2025/texmf-dist/tex/generic/xstring/xstring.sty
(c:/texlive/2025/texmf-dist/tex/generic/xstring/xstring.tex)))
(c:/texlive/2025/texmf-dist/tex/latex/biblatex-gb7714-2015/gb7714-2015ay.cbx
(c:/texlive/2025/texmf-dist/tex/latex/biblatex/cbx/authoryear-comp.cbx)

Package biblatex Warning: Macro 'textcite' already defined.
(biblatex)                Using \renewbibmacro.


Package biblatex Warning: Macro 'textcite:postnote' already defined.
(biblatex)                Using \renewbibmacro.

) (c:/texlive/2025/texmf-dist/tex/latex/biblatex/biblatex.cfg)
(c:/texlive/2025/texmf-dist/tex/latex/biblatex/blx-case-expl3.sty))
(c:/texlive/2025/texmf-dist/tex/latex/fancyvrb/fancyvrb.sty)
(c:/texlive/2025/texmf-dist/tex/latex/booktabs/booktabs.sty)
(c:/texlive/2025/texmf-dist/tex/latex/multirow/multirow.sty)
(c:/texlive/2025/texmf-dist/tex/latex/tools/longtable.sty)
(c:/texlive/2025/texmf-dist/tex/latex/makecell/makecell.sty
(c:/texlive/2025/texmf-dist/tex/latex/tools/array.sty)) (./configs.tex
(c:/texlive/2025/texmf-dist/tex/generic/pgf/libraries/pgflibraryarrows.meta.cod
e.tex)
(c:/texlive/2025/texmf-dist/tex/generic/pgf/frontendlayer/tikz/libraries/tikzli
brarypositioning.code.tex)
(c:/texlive/2025/texmf-dist/tex/generic/pgf/frontendlayer/tikz/libraries/tikzli
brarycalc.code.tex)) (./miscs.tex)

LaTeX Warning: Unused global option(s):
    [UTF8].

(./main.aux (./chap/abstract.aux) (./chap/chap1.aux) (./chap/chap2.aux)
(./chap/chap3.aux) (./chap/chap4.aux) (./chap/chap5.aux) (./chap/chap6.aux))
*geometry* driver: auto-detecting
*geometry* detected driver: xetex
(c:/texlive/2025/texmf-dist/tex/latex/caption/ltcaption.sty)
(c:/texlive/2025/texmf-dist/tex/latex/hyperref/psdextra.def) (./main.out)
(./main.out) (c:/texlive/2025/texmf-dist/tex/latex/biblatex/lbx/english.lbx)
(./main.bbl) (./chap/abstract.tex) [1] [2] (./main.toc
Underfull \vbox (badness 10000) has occurred while \output is active [3])
[4] (./chap/chap1.tex
Chapter 1

Overfull \hbox (0.44266pt too wide) in paragraph at lines 7--9
\TU/XITS(0)/m/n/12.045 volatility frameworks have been introduced. Among these,
 the 3/2 volatility model has emerged

Overfull \hbox (3.63176pt too wide) in paragraph at lines 16--17
[]\TU/XITS(0)/m/n/12.045 Exact simulation: Although designed to eliminate time-
discretization errors, this method
[1]) [2] (./chap/chap2.tex
Chapter 2
[3] [4]
Overfull \hbox (9.15239pt too wide) in paragraph at lines 28--29
[]\TU/XITS(0)/m/n/12.045 Conducts a multidimensional empirical benchmark, defin
itively quantifying the accuracy-
) [5] (./chap/chap3.tex [6]
Chapter 3
[7]) [8] (./chap/chap4.tex
Chapter 4
[9]
Overfull \hbox (15.32495pt too wide) in paragraph at lines 32--33
\TU/XITS(0)/m/n/12.045 into the Bachelier or Black-Scholes-Merton (BSM) option 
pricing formulas. Specif-
[10]) [11] (./chap/chap5.tex [12]
Chapter 5
[13] [14]
Underfull \vbox (badness 10000) has occurred while \output is active [15])
[16] (./chap/chap6.tex
Chapter 6
[17])
Overfull \hbox (3.97844pt too wide) in paragraph at lines 24--47
[]\TU/XITS(0)/m/n/12.045 In conclusion, the empirical evidence dictates that ou
r proposed conditional Fourier-Cosine
[18]

LaTeX Font Warning: Font shape `OMX/cmex/m/n' in size <10.53937> not available
(Font)              size <10.95> substituted on input line 50.

[19] (./main.aux (./chap/abstract.aux) (./chap/chap1.aux) (./chap/chap2.aux)
(./chap/chap3.aux) (./chap/chap4.aux) (./chap/chap5.aux) (./chap/chap6.aux))

LaTeX Font Warning: Size substitutions with differences
(Font)              up to 0.41063pt have occurred.

 )
(see the transcript file for additional information)
Output written on main.pdf (23 pages).
SyncTeX written on main.synctex.gz.

Transcript written on main.log.
  [4/6] 编译中文版 (第1次 + biber + 第2次)...
make[1]: *** [Makefile:132: build-all-parts] Error 1
make[1]: Leaving directory 'C:/Users/27261/Documents/my-thesis'
make: *** [Makefile:67: blind] Error 2
