\BOOKMARK [0][]{cabstract.0}{\376\377\144\130\211\201}{}% 1
\BOOKMARK [0][]{chapter*.1}{\376\377\144\130\211\201}{}% 2
\BOOKMARK [0][]{chapter*.1}{\376\377\166\356\137\125}{}% 3
\BOOKMARK [0][]{contents.0}{\376\377\166\356\137\125}{}% 4
\BOOKMARK [0][]{chapter.1}{\376\377\173\054\116\000\172\340\000\040\000\040\137\025\213\272}{}% 5
\BOOKMARK [1][-]{section.1.1}{\376\377\0001\000.\0001\000\040\170\024\172\166\200\314\146\157}{chapter.1}% 6
\BOOKMARK [2][-]{subsection.1.1.1}{\376\377\0001\000.\0001\000.\0001\000\040\121\150\164\003\123\312\126\375\121\205\147\037\147\103\136\002\127\072\166\204\123\321\134\125\163\260\162\266}{section.1.1}% 7
\BOOKMARK [2][-]{subsection.1.1.2}{\376\377\0001\000.\0001\000.\0002\000\040\147\037\147\103\133\232\116\367\152\041\127\213\116\016\213\241\173\227\145\271\154\325\166\204\157\024\217\333}{section.1.1}% 8
\BOOKMARK [1][-]{section.1.2}{\376\377\0001\000.\0002\000\040\170\024\172\166\225\356\230\230}{chapter.1}% 9
\BOOKMARK [1][-]{section.1.3}{\376\377\0001\000.\0003\000\040\170\024\172\166\166\356\166\204\116\016\116\073\211\201\121\205\133\271}{chapter.1}% 10
\BOOKMARK [1][-]{section.1.4}{\376\377\0001\000.\0004\000\040\213\272\145\207\176\323\147\204\133\211\143\222}{chapter.1}% 11
\BOOKMARK [0][]{chapter.2}{\376\377\173\054\116\214\172\340\000\040\000\040\145\207\163\056\176\374\217\360}{}% 12
\BOOKMARK [1][-]{section.2.1}{\376\377\0002\000.\0001\000\040\226\217\147\072\154\342\122\250\163\207\152\041\127\213\166\204\157\024\217\333}{chapter.2}% 13
\BOOKMARK [1][-]{section.2.2}{\376\377\0002\000.\0002\000\040\0003\000/\0002\152\041\127\213\123\312\121\166\142\151\134\125\150\106\147\266\166\204\123\321\134\125}{chapter.2}% 14
\BOOKMARK [1][-]{section.2.3}{\376\377\0002\000.\0003\000\040\174\276\170\156\152\041\142\337\145\271\154\325\166\204\157\024\217\333}{chapter.2}% 15
\BOOKMARK [1][-]{section.2.4}{\376\377\0002\000.\0004\000\040\120\205\221\314\123\366\123\330\143\142\145\271\154\325\166\204\170\024\172\166}{chapter.2}% 16
\BOOKMARK [1][-]{section.2.5}{\376\377\0002\000.\0005\000\040\145\160\133\127\215\047\136\001\147\037\147\103\136\002\127\072\171\315\226\217\147\072\154\342\122\250\163\207\152\041\127\213\166\204\170\024\172\166}{chapter.2}% 17
\BOOKMARK [1][-]{section.2.6}{\376\377\0002\000.\0006\000\040\126\375\121\205\170\024\172\166\163\260\162\266}{chapter.2}% 18
\BOOKMARK [1][-]{section.2.7}{\376\377\0002\000.\0007\000\040\145\207\163\056\217\360\213\304\116\016\147\054\170\024\172\166\133\232\117\115}{chapter.2}% 19
\BOOKMARK [0][]{chapter.3}{\376\377\173\054\116\011\172\340\000\040\000\040\0003\000/\0002\154\342\122\250\163\207\152\041\127\213\213\276\133\232}{}% 20
\BOOKMARK [1][-]{section.3.1}{\376\377\0003\000.\0001\000\040\0003\000/\0002\152\041\127\213\116\313\176\315}{chapter.3}% 21
\BOOKMARK [1][-]{section.3.2}{\376\377\0003\000.\0002\000\040\226\217\147\072\137\256\122\006\145\271\172\013\000\040\000\050\000S\000D\000E\000\051\000\040\213\276\133\232}{chapter.3}% 22
\BOOKMARK [1][-]{section.3.3}{\376\377\0003\000.\0003\000\040\171\357\122\006\145\271\135\356\116\016\147\141\116\366\122\006\136\003}{chapter.3}% 23
\BOOKMARK [1][-]{section.3.4}{\376\377\0003\000.\0004\000\040\0003\000/\0002\000\040\152\041\127\213\167\351\153\315\121\375\145\160}{chapter.3}% 24
\BOOKMARK [0][]{chapter.4}{\376\377\173\054\126\333\172\340\000\040\000\040\147\037\147\103\133\232\116\367\145\271\154\325\116\016\173\227\154\325\133\236\163\260}{}% 25
\BOOKMARK [1][-]{section.4.1}{\376\377\0004\000.\0001\000\040\145\366\225\364\153\145\217\333\174\173\204\231\162\171\123\141\155\033\133\232\116\367\145\271\154\325}{chapter.4}% 26
\BOOKMARK [2][-]{subsection.4.1.1}{\376\377\0004\000.\0001\000.\0001\000\040\000E\000u\000l\000e\000r\000\040\116\016\000\040\000M\000i\000l\000s\000t\000e\000i\000n\000\040\171\273\145\143\150\074\137\017}{section.4.1}% 27
\BOOKMARK [3][-]{subsubsection.4.1.1.1}{\376\377\0004\000.\0001\000.\0001\000.\0001\000\040\145\271\135\356\217\307\172\013\166\204\000\040\000E\000u\000l\000e\000r\000\040\171\273\145\143\150\074\137\017}{subsection.4.1.1}% 28
\BOOKMARK [3][-]{subsubsection.4.1.1.2}{\376\377\0004\000.\0001\000.\0001\000.\0002\000\040\145\271\135\356\217\307\172\013\166\204\000\040\000M\000i\000l\000s\000t\000e\000i\000n\000\040\171\273\145\143\150\074\137\017}{subsection.4.1.1}% 29
\BOOKMARK [3][-]{subsubsection.4.1.1.3}{\376\377\0004\000.\0001\000.\0001\000.\0003\000\040\213\357\135\356\162\171\140\047\116\016\145\066\145\133\140\047\122\006\147\220}{subsection.4.1.1}% 30
\BOOKMARK [2][-]{subsection.4.1.2}{\376\377\0004\000.\0001\000.\0002\000\040\174\276\170\156\153\145\217\333\377\010\000E\000x\000a\000c\000t\000\040\000S\000t\000e\000p\000p\000i\000n\000g\377\011\145\271\154\325}{section.4.1}% 31
\BOOKMARK [3][-]{subsubsection.4.1.2.1}{\376\377\0004\000.\0001\000.\0002\000.\0001\000\040\145\271\135\356\217\307\172\013\166\204\120\022\145\160\123\330\143\142\116\016\174\276\170\156\122\006\136\003}{subsection.4.1.2}% 32
\BOOKMARK [3][-]{subsubsection.4.1.2.2}{\376\377\0004\000.\0001\000.\0002\000.\0002\000\040\147\141\116\366\204\231\162\171\123\141\155\033\150\106\147\266\116\013\166\204\133\236\163\260}{subsection.4.1.2}% 33
\BOOKMARK [3][-]{subsubsection.4.1.2.3}{\376\377\0004\000.\0001\000.\0002\000.\0003\000\040\213\357\135\356\162\171\140\047\116\016\145\066\145\133\140\047\122\006\147\220}{subsection.4.1.2}% 34
\BOOKMARK [2][-]{subsection.4.1.3}{\376\377\0004\000.\0001\000.\0003\000\040\000P\000o\000i\000s\000s\000o\000n\000-\000G\000a\000m\000m\000a\000\040\217\321\117\074\174\276\170\156\153\145\217\333\145\271\154\325}{section.4.1}% 35
\BOOKMARK [3][-]{subsubsection.4.1.3.1}{\376\377\0004\000.\0001\000.\0003\000.\0001\000\040\120\022\145\160\123\330\143\142\116\016\000\040\000C\000I\000R\000\040\217\307\172\013\166\204\000\040\000P\000o\000i\000s\000s\000o\000n\000-\000G\000a\000m\000m\000a\000\040\155\367\124\010\210\150\171\072}{subsection.4.1.3}% 36
\BOOKMARK [3][-]{subsubsection.4.1.3.2}{\376\377\0004\000.\0001\000.\0003\000.\0002\000\040\147\141\116\366\204\231\162\171\123\141\155\033\150\106\147\266\116\013\166\204\133\236\163\260}{subsection.4.1.3}% 37
\BOOKMARK [3][-]{subsubsection.4.1.3.3}{\376\377\0004\000.\0001\000.\0003\000.\0003\000\040\213\357\135\356\162\171\140\047\116\016\145\066\145\133\140\047\122\006\147\220}{subsection.4.1.3}% 38
\BOOKMARK [2][-]{subsection.4.1.4}{\376\377\0004\000.\0001\000.\0004\000\040\000Q\000u\000a\000s\000i\000-\000E\000x\000p\000o\000n\000e\000n\000t\000i\000a\000l\000\040\000\050\000Q\000E\000\051\000\040\217\321\117\074\174\276\170\156\153\145\217\333\145\271\154\325}{section.4.1}% 39
\BOOKMARK [3][-]{subsubsection.4.1.4.1}{\376\377\0004\000.\0001\000.\0004\000.\0001\000\040\145\271\135\356\217\307\172\013\166\204\167\351\123\071\221\115\116\016\000\040\000Q\000E\000\040\122\006\136\003\147\204\220\040}{subsection.4.1.4}% 40
\BOOKMARK [3][-]{subsubsection.4.1.4.2}{\376\377\0004\000.\0001\000.\0004\000.\0002\000\040\147\141\116\366\204\231\162\171\123\141\155\033\150\106\147\266\116\013\166\204\133\236\163\260}{subsection.4.1.4}% 41
\BOOKMARK [3][-]{subsubsection.4.1.4.3}{\376\377\0004\000.\0001\000.\0004\000.\0003\000\040\213\357\135\356\162\171\140\047\116\016\145\066\145\133\140\047\122\006\147\220}{subsection.4.1.4}% 42
\BOOKMARK [1][-]{section.4.2}{\376\377\0004\000.\0002\000\040\174\276\170\156\116\016\217\321\117\074\174\276\170\156\152\041\142\337\133\232\116\367\145\271\154\325}{chapter.4}% 43
\BOOKMARK [2][-]{subsection.4.2.1}{\376\377\0004\000.\0002\000.\0001\000\040\174\276\170\156\152\041\142\337\145\271\154\325}{section.4.2}% 44
\BOOKMARK [3][-]{subsubsection.4.2.1.1}{\376\377\0004\000.\0002\000.\0001\000.\0001\000\040\164\006\213\272\143\250\133\374}{subsection.4.2.1}% 45
\BOOKMARK [3][-]{subsubsection.4.2.1.2}{\376\377\0004\000.\0002\000.\0001\000.\0002\000\040\147\141\116\366\204\231\162\171\123\141\155\033\150\106\147\266\116\013\166\204\133\236\163\260}{subsection.4.2.1}% 46
\BOOKMARK [3][-]{subsubsection.4.2.1.3}{\376\377\0004\000.\0002\000.\0001\000.\0003\000\040\213\357\135\356\162\171\140\047\116\016\145\066\145\133\140\047\122\006\147\220}{subsection.4.2.1}% 47
\BOOKMARK [2][-]{subsection.4.2.2}{\376\377\0004\000.\0002\000.\0002\000\040\147\141\116\366\120\205\221\314\123\366\117\131\137\046\377\010\000F\000o\000u\000r\000i\000e\000r\000-\000C\000o\000s\000i\000n\000e\377\011\152\041\142\337\145\271\154\325}{section.4.2}% 48
\BOOKMARK [3][-]{subsubsection.4.2.2.1}{\376\377\0004\000.\0002\000.\0002\000.\0001\000\040\164\006\213\272\143\250\133\374}{subsection.4.2.2}% 49
\BOOKMARK [3][-]{subsubsection.4.2.2.2}{\376\377\0004\000.\0002\000.\0002\000.\0002\000\040\147\141\116\366\204\231\162\171\123\141\155\033\150\106\147\266\116\013\166\204\133\236\163\260}{subsection.4.2.2}% 50
\BOOKMARK [3][-]{subsubsection.4.2.2.3}{\376\377\0004\000.\0002\000.\0002\000.\0003\000\040\213\357\135\356\162\171\140\047\116\016\145\066\145\133\140\047\122\006\147\220}{subsection.4.2.2}% 51
\BOOKMARK [2][-]{subsection.4.2.3}{\376\377\0004\000.\0002\000.\0003\000\040\147\141\116\366\167\351\123\071\221\115\152\041\142\337\145\271\154\325}{section.4.2}% 52
\BOOKMARK [3][-]{subsubsection.4.2.3.1}{\376\377\0004\000.\0002\000.\0003\000.\0001\000\040\164\006\213\272\143\250\133\374}{subsection.4.2.3}% 53
\BOOKMARK [3][-]{subsubsection.4.2.3.2}{\376\377\0004\000.\0002\000.\0003\000.\0002\000\040\147\141\116\366\204\231\162\171\123\141\155\033\150\106\147\266\116\013\166\204\133\236\163\260}{subsection.4.2.3}% 54
\BOOKMARK [3][-]{subsubsection.4.2.3.3}{\376\377\0004\000.\0002\000.\0003\000.\0003\000\040\213\357\135\356\162\171\140\047\116\016\145\066\145\133\140\047\122\006\147\220}{subsection.4.2.3}% 55
\BOOKMARK [2][-]{subsection.4.2.4}{\376\377\0004\000.\0002\000.\0004\000\040\220\006\232\330\145\257\377\010\000I\000n\000v\000e\000r\000s\000e\000\040\000G\000a\000u\000s\000s\000i\000a\000n\000,\000\040\000I\000G\377\011\217\321\117\074\174\276\170\156\152\041\142\337\145\271\154\325}{section.4.2}% 56
\BOOKMARK [3][-]{subsubsection.4.2.4.1}{\376\377\0004\000.\0002\000.\0004\000.\0001\000\040\164\006\213\272\143\250\133\374}{subsection.4.2.4}% 57
\BOOKMARK [3][-]{subsubsection.4.2.4.2}{\376\377\0004\000.\0002\000.\0004\000.\0002\000\040\147\141\116\366\204\231\162\171\123\141\155\033\150\106\147\266\116\013\166\204\133\236\163\260}{subsection.4.2.4}% 58
\BOOKMARK [3][-]{subsubsection.4.2.4.3}{\376\377\0004\000.\0002\000.\0004\000.\0003\000\040\213\357\135\356\162\171\140\047\116\016\145\066\145\133\140\047\122\006\147\220}{subsection.4.2.4}% 59
\BOOKMARK [2][-]{subsection.4.2.5}{\376\377\0004\000.\0002\000.\0005\000\040\000G\000a\000m\000m\000a\000\040\217\321\117\074\174\276\170\156\152\041\142\337\145\271\154\325}{section.4.2}% 60
\BOOKMARK [3][-]{subsubsection.4.2.5.1}{\376\377\0004\000.\0002\000.\0005\000.\0001\000\040\147\141\116\366\204\231\162\171\123\141\155\033\150\106\147\266\116\013\166\204\133\236\163\260}{subsection.4.2.5}% 61
\BOOKMARK [3][-]{subsubsection.4.2.5.2}{\376\377\0004\000.\0002\000.\0005\000.\0002\000\040\213\357\135\356\162\171\140\047\116\016\145\066\145\133\140\047\122\006\147\220}{subsection.4.2.5}% 62
\BOOKMARK [1][-]{section.4.3}{\376\377\0004\000.\0003\000\040\120\205\221\314\123\366\230\221\127\337\133\232\116\367\145\271\154\325}{chapter.4}% 63
\BOOKMARK [2][-]{subsection.4.3.1}{\376\377\0004\000.\0003\000.\0001\000\040\137\353\220\037\120\205\221\314\123\366\123\330\143\142\377\010\000F\000a\000s\000t\000\040\000F\000o\000u\000r\000i\000e\000r\000\040\000T\000r\000a\000n\000s\000f\000o\000r\000m\000,\000\040\000F\000F\000T\377\011\133\232\116\367\145\271\154\325}{section.4.3}% 64
\BOOKMARK [3][-]{subsubsection.4.3.1.1}{\376\377\0004\000.\0003\000.\0001\000.\0001\000\040\164\006\213\272\143\250\133\374}{subsection.4.3.1}% 65
\BOOKMARK [3][-]{subsubsection.4.3.1.2}{\376\377\0004\000.\0003\000.\0001\000.\0002\000\040\145\160\120\074\133\236\163\260\155\101\172\013}{subsection.4.3.1}% 66
\BOOKMARK [3][-]{subsubsection.4.3.1.3}{\376\377\0004\000.\0003\000.\0001\000.\0003\000\040\213\357\135\356\162\171\140\047\116\016\145\066\145\133\140\047\122\006\147\220}{subsection.4.3.1}% 67
\BOOKMARK [2][-]{subsection.4.3.2}{\376\377\0004\000.\0003\000.\0002\000\040\120\205\221\314\123\366\117\131\137\046\000\040\000\050\000F\000o\000u\000r\000i\000e\000r\000-\000C\000o\000s\000i\000n\000e\000,\000\040\000C\000O\000S\000\051\000\040\133\232\116\367\145\271\154\325}{section.4.3}% 68
\BOOKMARK [3][-]{subsubsection.4.3.2.1}{\376\377\0004\000.\0003\000.\0002\000.\0001\000\040\164\006\213\272\143\250\133\374}{subsection.4.3.2}% 69
\BOOKMARK [3][-]{subsubsection.4.3.2.2}{\376\377\0004\000.\0003\000.\0002\000.\0002\000\040\145\160\120\074\133\236\163\260\155\101\172\013}{subsection.4.3.2}% 70
\BOOKMARK [3][-]{subsubsection.4.3.2.3}{\376\377\0004\000.\0003\000.\0002\000.\0003\000\040\145\160\120\074\133\236\163\260\155\101\172\013}{subsection.4.3.2}% 71
\BOOKMARK [3][-]{subsubsection.4.3.2.4}{\376\377\0004\000.\0003\000.\0002\000.\0004\000\040\213\357\135\356\162\171\140\047\116\016\145\066\145\133\140\047\122\006\147\220}{subsection.4.3.2}% 72
\BOOKMARK [1][-]{section.4.4}{\376\377\0004\000.\0004\000\040\147\054\172\340\134\017\176\323}{chapter.4}% 73
\BOOKMARK [0][]{chapter.5}{\376\377\173\054\116\224\172\340\000\040\000\040\145\160\120\074\133\236\232\214\213\276\133\232\116\016\176\323\147\234\133\371\153\324\122\006\147\220}{}% 74
\BOOKMARK [1][-]{section.5.1}{\376\377\0005\000.\0001\000\040\145\160\120\074\133\236\232\214\163\257\130\203\116\016\213\276\133\232}{chapter.5}% 75
\BOOKMARK [2][-]{subsection.5.1.1}{\376\377\0005\000.\0001\000.\0001\000\040\170\154\116\366\116\016\217\157\116\366\163\257\130\203}{section.5.1}% 76
\BOOKMARK [2][-]{subsection.5.1.2}{\376\377\0005\000.\0001\000.\0002\000\040\155\113\213\325\150\110\117\213\213\276\213\241}{section.5.1}% 77
\BOOKMARK [2][-]{subsection.5.1.3}{\376\377\0005\000.\0001\000.\0003\000\040\213\304\116\367\143\007\150\007\133\232\116\111}{section.5.1}% 78
\BOOKMARK [1][-]{section.5.2}{\376\377\0005\000.\0002\000\040\145\366\225\364\153\145\217\333\174\173\147\141\116\366\204\231\162\171\123\141\155\033\145\271\154\325\176\323\147\234\122\006\147\220}{chapter.5}% 79
\BOOKMARK [1][-]{section.5.3}{\376\377\0005\000.\0003\000\040\176\310\172\357\174\276\170\156\116\016\217\321\117\074\174\276\170\156\152\041\142\337\145\271\154\325\176\323\147\234\122\006\147\220}{chapter.5}% 80
\BOOKMARK [1][-]{section.5.4}{\376\377\0005\000.\0004\000\040\120\205\221\314\123\366\230\221\127\337\133\232\116\367\145\271\154\325\176\323\147\234\122\006\147\220}{chapter.5}% 81
\BOOKMARK [1][-]{section.5.5}{\376\377\0005\000.\0005\000\040\176\374\124\010\140\047\200\375\133\371\153\324\116\016\170\024\172\166\176\323\213\272}{chapter.5}% 82
\BOOKMARK [0][]{chapter.6}{\376\377\173\054\121\155\172\340\000\040\000\040\133\236\213\301\122\006\147\220\116\016\176\323\147\234\133\371\153\324}{}% 83
\BOOKMARK [1][-]{section.6.1}{\376\377\0006\000.\0001\000\040\200\314\146\157\116\313\176\315}{chapter.6}% 84
\BOOKMARK [1][-]{section.6.2}{\376\377\0006\000.\0002\000\040\145\160\143\156\121\306\131\007\116\016\131\004\164\006}{chapter.6}% 85
\BOOKMARK [1][-]{section.6.3}{\376\377\0006\000.\0003\000\040\150\041\121\306\145\271\154\325\116\016\133\236\163\260\215\357\137\204}{chapter.6}% 86
\BOOKMARK [1][-]{section.6.4}{\376\377\0006\000.\0004\000\040\176\323\147\234\122\006\147\220\116\016\213\250\213\272}{chapter.6}% 87
\BOOKMARK [2][-]{subsection.6.4.1}{\376\377\0006\000.\0004\000.\0001\000\040\154\342\122\250\163\207\137\256\173\021\166\204\157\024\123\330\162\171\137\201}{section.6.4}% 88
\BOOKMARK [2][-]{subsection.6.4.2}{\376\377\0006\000.\0004\000.\0002\000\040\0003\000/\0002\000\040\152\041\127\213\116\016\176\257\142\151\145\143\152\041\127\213\166\204\133\371\153\324}{section.6.4}% 89
\BOOKMARK [2][-]{subsection.6.4.3}{\376\377\0006\000.\0004\000.\0003\000\040\234\201\150\322\140\047\140\073\176\323}{section.6.4}% 90
\BOOKMARK [0][]{chapter.7}{\376\377\173\054\116\003\172\340\000\040\000\040\122\033\145\260\215\041\163\056\116\016\176\323\213\272}{}% 91
\BOOKMARK [1][-]{section.7.1}{\376\377\0007\000.\0001\000\040\150\070\137\303\122\033\145\260\116\016\215\041\163\056}{chapter.7}% 92
\BOOKMARK [1][-]{section.7.2}{\376\377\0007\000.\0002\000\040\123\321\163\260\116\016\170\024\172\166\176\323\213\272}{chapter.7}% 93
\BOOKMARK [0][]{appendix*.7}{\376\377\123\302\200\003\145\207\163\056}{}% 94
\BOOKMARK [0][]{appendix*.8}{\376\377\201\364\214\042}{}% 95
\BOOKMARK [0][]{appendix*.9}{\376\377\123\027\116\254\131\047\133\146\133\146\117\115\213\272\145\207\123\237\122\033\140\047\130\360\146\016\124\214\117\177\165\050\143\210\147\103\213\364\146\016}{}% 96
